13:57:04 **** Incremental Build of configuration Debug for project Session37sTask ****
make -j4 all 
arm-none-eabi-g++ "../Core/Src/main.cpp" -mcpu=cortex-m3 -std=gnu++14 -g3 -DDEBUG -DUSE_HAL_DRIVER -DSTM32F103xB -c -I../Core/Inc -I../Drivers/STM32F1xx_HAL_Driver/Inc/Legacy -I../Drivers/STM32F1xx_HAL_Driver/Inc -I../Drivers/CMSIS/Device/ST/STM32F1xx/Include -I../Drivers/CMSIS/Include -O0 -ffunction-sections -fdata-sections -fno-exceptions -fno-rtti -fno-use-cxa-atexit -Wall -fstack-usage -fcyclomatic-complexity -MMD -MP -MF"Core/Src/main.d" -MT"Core/Src/main.o" --specs=nano.specs -mfloat-abi=soft -mthumb -o "Core/Src/main.o"
arm-none-eabi-g++ -o "Session37sTask.elf" @"objects.list"   -mcpu=cortex-m3 -T"D:\Robotics Corner\Tasks\RC_Tasks\Session37sTask\Session37sTask\STM32F103C8TX_FLASH.ld" --specs=nosys.specs -Wl,-Map="Session37sTask.map" -Wl,--gc-sections -static --specs=nano.specs -mfloat-abi=soft -mthumb -Wl,--start-group -lc -lm -lstdc++ -lsupc++ -Wl,--end-group
Finished building target: Session37sTask.elf
 
arm-none-eabi-size  Session37sTask.elf 
arm-none-eabi-objdump -h -S Session37sTask.elf  > "Session37sTask.list"
arm-none-eabi-objcopy  -O ihex Session37sTask.elf  "Session37sTask.hex"
   text	   data	    bss	    dec	    hex	filename
    816	      4	   1572	   2392	    958	Session37sTask.elf
Finished building: default.size.stdout
 
Finished building: Session37sTask.list
Finished building: Session37sTask.hex
 
 

13:57:06 Build Finished. 0 errors, 0 warnings. (took 1s.524ms)

