Archive member included to satisfy reference by file (symbol)

D:/Programs/ST/STM32CubeIDE_1.16.0/STM32CubeIDE/plugins/com.st.stm32cube.ide.mcu.externaltools.gnu-tools-for-stm32.12.3.rel1.win32_1.0.200.202406191623/tools/bin/../lib/gcc/arm-none-eabi/12.3.1/../../../../arm-none-eabi/lib/thumb/v7-m/nofp\libc_nano.a(libc_a-exit.o)
                              D:/Programs/ST/STM32CubeIDE_1.16.0/STM32CubeIDE/plugins/com.st.stm32cube.ide.mcu.externaltools.gnu-tools-for-stm32.12.3.rel1.win32_1.0.200.202406191623/tools/bin/../lib/gcc/arm-none-eabi/12.3.1/../../../../arm-none-eabi/lib/thumb/v7-m/nofp/crt0.o (exit)
D:/Programs/ST/STM32CubeIDE_1.16.0/STM32CubeIDE/plugins/com.st.stm32cube.ide.mcu.externaltools.gnu-tools-for-stm32.12.3.rel1.win32_1.0.200.202406191623/tools/bin/../lib/gcc/arm-none-eabi/12.3.1/../../../../arm-none-eabi/lib/thumb/v7-m/nofp\libc_nano.a(libc_a-findfp.o)
                              D:/Programs/ST/STM32CubeIDE_1.16.0/STM32CubeIDE/plugins/com.st.stm32cube.ide.mcu.externaltools.gnu-tools-for-stm32.12.3.rel1.win32_1.0.200.202406191623/tools/bin/../lib/gcc/arm-none-eabi/12.3.1/../../../../arm-none-eabi/lib/thumb/v7-m/nofp\libc_nano.a(libc_a-exit.o) (__stdio_exit_handler)
D:/Programs/ST/STM32CubeIDE_1.16.0/STM32CubeIDE/plugins/com.st.stm32cube.ide.mcu.externaltools.gnu-tools-for-stm32.12.3.rel1.win32_1.0.200.202406191623/tools/bin/../lib/gcc/arm-none-eabi/12.3.1/../../../../arm-none-eabi/lib/thumb/v7-m/nofp\libc_nano.a(libc_a-fwalk.o)
                              D:/Programs/ST/STM32CubeIDE_1.16.0/STM32CubeIDE/plugins/com.st.stm32cube.ide.mcu.externaltools.gnu-tools-for-stm32.12.3.rel1.win32_1.0.200.202406191623/tools/bin/../lib/gcc/arm-none-eabi/12.3.1/../../../../arm-none-eabi/lib/thumb/v7-m/nofp\libc_nano.a(libc_a-findfp.o) (_fwalk_sglue)
D:/Programs/ST/STM32CubeIDE_1.16.0/STM32CubeIDE/plugins/com.st.stm32cube.ide.mcu.externaltools.gnu-tools-for-stm32.12.3.rel1.win32_1.0.200.202406191623/tools/bin/../lib/gcc/arm-none-eabi/12.3.1/../../../../arm-none-eabi/lib/thumb/v7-m/nofp\libc_nano.a(libc_a-stdio.o)
                              D:/Programs/ST/STM32CubeIDE_1.16.0/STM32CubeIDE/plugins/com.st.stm32cube.ide.mcu.externaltools.gnu-tools-for-stm32.12.3.rel1.win32_1.0.200.202406191623/tools/bin/../lib/gcc/arm-none-eabi/12.3.1/../../../../arm-none-eabi/lib/thumb/v7-m/nofp\libc_nano.a(libc_a-findfp.o) (__sread)
D:/Programs/ST/STM32CubeIDE_1.16.0/STM32CubeIDE/plugins/com.st.stm32cube.ide.mcu.externaltools.gnu-tools-for-stm32.12.3.rel1.win32_1.0.200.202406191623/tools/bin/../lib/gcc/arm-none-eabi/12.3.1/../../../../arm-none-eabi/lib/thumb/v7-m/nofp\libc_nano.a(libc_a-memset.o)
                              D:/Programs/ST/STM32CubeIDE_1.16.0/STM32CubeIDE/plugins/com.st.stm32cube.ide.mcu.externaltools.gnu-tools-for-stm32.12.3.rel1.win32_1.0.200.202406191623/tools/bin/../lib/gcc/arm-none-eabi/12.3.1/../../../../arm-none-eabi/lib/thumb/v7-m/nofp/crt0.o (memset)
D:/Programs/ST/STM32CubeIDE_1.16.0/STM32CubeIDE/plugins/com.st.stm32cube.ide.mcu.externaltools.gnu-tools-for-stm32.12.3.rel1.win32_1.0.200.202406191623/tools/bin/../lib/gcc/arm-none-eabi/12.3.1/../../../../arm-none-eabi/lib/thumb/v7-m/nofp\libc_nano.a(libc_a-closer.o)
                              D:/Programs/ST/STM32CubeIDE_1.16.0/STM32CubeIDE/plugins/com.st.stm32cube.ide.mcu.externaltools.gnu-tools-for-stm32.12.3.rel1.win32_1.0.200.202406191623/tools/bin/../lib/gcc/arm-none-eabi/12.3.1/../../../../arm-none-eabi/lib/thumb/v7-m/nofp\libc_nano.a(libc_a-stdio.o) (_close_r)
D:/Programs/ST/STM32CubeIDE_1.16.0/STM32CubeIDE/plugins/com.st.stm32cube.ide.mcu.externaltools.gnu-tools-for-stm32.12.3.rel1.win32_1.0.200.202406191623/tools/bin/../lib/gcc/arm-none-eabi/12.3.1/../../../../arm-none-eabi/lib/thumb/v7-m/nofp\libc_nano.a(libc_a-reent.o)
                              D:/Programs/ST/STM32CubeIDE_1.16.0/STM32CubeIDE/plugins/com.st.stm32cube.ide.mcu.externaltools.gnu-tools-for-stm32.12.3.rel1.win32_1.0.200.202406191623/tools/bin/../lib/gcc/arm-none-eabi/12.3.1/../../../../arm-none-eabi/lib/thumb/v7-m/nofp\libc_nano.a(libc_a-closer.o) (errno)
D:/Programs/ST/STM32CubeIDE_1.16.0/STM32CubeIDE/plugins/com.st.stm32cube.ide.mcu.externaltools.gnu-tools-for-stm32.12.3.rel1.win32_1.0.200.202406191623/tools/bin/../lib/gcc/arm-none-eabi/12.3.1/../../../../arm-none-eabi/lib/thumb/v7-m/nofp\libc_nano.a(libc_a-impure.o)
                              D:/Programs/ST/STM32CubeIDE_1.16.0/STM32CubeIDE/plugins/com.st.stm32cube.ide.mcu.externaltools.gnu-tools-for-stm32.12.3.rel1.win32_1.0.200.202406191623/tools/bin/../lib/gcc/arm-none-eabi/12.3.1/../../../../arm-none-eabi/lib/thumb/v7-m/nofp\libc_nano.a(libc_a-reent.o) (_impure_ptr)
D:/Programs/ST/STM32CubeIDE_1.16.0/STM32CubeIDE/plugins/com.st.stm32cube.ide.mcu.externaltools.gnu-tools-for-stm32.12.3.rel1.win32_1.0.200.202406191623/tools/bin/../lib/gcc/arm-none-eabi/12.3.1/../../../../arm-none-eabi/lib/thumb/v7-m/nofp\libc_nano.a(libc_a-lseekr.o)
[...]
Memory Configuration

Name             Origin             Length             Attributes
RAM              0x20000000         0x00005000         xrw
FLASH            0x08000000         0x00010000         xr
*default*        0x00000000         0xffffffff

Linker script and memory map

LOAD D:/Programs/ST/STM32CubeIDE_1.16.0/STM32CubeIDE/plugins/com.st.stm32cube.ide.mcu.externaltools.gnu-tools-for-stm32.12.3.rel1.win32_1.0.200.202406191623/tools/bin/../lib/gcc/arm-none-eabi/12.3.1/thumb/v7-m/nofp/crti.o
LOAD D:/Programs/ST/STM32CubeIDE_1.16.0/STM32CubeIDE/plugins/com.st.stm32cube.ide.mcu.externaltools.gnu-tools-for-stm32.12.3.rel1.win32_1.0.200.202406191623/tools/bin/../lib/gcc/arm-none-eabi/12.3.1/thumb/v7-m/nofp/crtbegin.o
LOAD D:/Programs/ST/STM32CubeIDE_1.16.0/STM32CubeIDE/plugins/com.st.stm32cube.ide.mcu.externaltools.gnu-tools-for-stm32.12.3.rel1.win32_1.0.200.202406191623/tools/bin/../lib/gcc/arm-none-eabi/12.3.1/../../../../arm-none-eabi/lib/thumb/v7-m/nofp/crt0.o
LOAD ./Core/Src/OP.o
LOAD ./Core/Src/main.o
LOAD ./Core/Src/motor.o
LOAD ./Core/Src/robot.o
LOAD ./Core/Src/stm32f1xx_hal_msp.o
LOAD ./Core/Src/stm32f1xx_it.o
LOAD ./Core/Src/syscalls.o
LOAD ./Core/Src/sysmem.o
LOAD ./Core/Src/system_stm32f1xx.o
LOAD ./Core/Startup/startup_stm32f103c8tx.o
LOAD ./Drivers/STM32F1xx_HAL_Driver/Src/stm32f1xx_hal.o
LOAD ./Drivers/STM32F1xx_HAL_Driver/Src/stm32f1xx_hal_cortex.o
LOAD ./Drivers/STM32F1xx_HAL_Driver/Src/stm32f1xx_hal_dma.o
LOAD ./Drivers/STM32F1xx_HAL_Driver/Src/stm32f1xx_hal_exti.o
LOAD ./Drivers/STM32F1xx_HAL_Driver/Src/stm32f1xx_hal_flash.o
LOAD ./Drivers/STM32F1xx_HAL_Driver/Src/stm32f1xx_hal_flash_ex.o
LOAD ./Drivers/STM32F1xx_HAL_Driver/Src/stm32f1xx_hal_gpio.o
LOAD ./Drivers/STM32F1xx_HAL_Driver/Src/stm32f1xx_hal_gpio_ex.o
LOAD ./Drivers/STM32F1xx_HAL_Driver/Src/stm32f1xx_hal_pwr.o
LOAD ./Drivers/STM32F1xx_HAL_Driver/Src/stm32f1xx_hal_rcc.o
LOAD ./Drivers/STM32F1xx_HAL_Driver/Src/stm32f1xx_hal_rcc_ex.o
START GROUP
LOAD D:/Programs/ST/STM32CubeIDE_1.16.0/STM32CubeIDE/plugins/com.st.stm32cube.ide.mcu.externaltools.gnu-tools-for-stm32.12.3.rel1.win32_1.0.200.202406191623/tools/bin/../lib/gcc/arm-none-eabi/12.3.1/../../../../arm-none-eabi/lib/thumb/v7-m/nofp\libstdc++_nano.a
LOAD D:/Programs/ST/STM32CubeIDE_1.16.0/STM32CubeIDE/plugins/com.st.stm32cube.ide.mcu.externaltools.gnu-tools-for-stm32.12.3.rel1.win32_1.0.200.202406191623/tools/bin/../lib/gcc/arm-none-eabi/12.3.1/../../../../arm-none-eabi/lib/thumb/v7-m/nofp\libsupc++_nano.a
END GROUP
LOAD D:/Programs/ST/STM32CubeIDE_1.16.0/STM32CubeIDE/plugins/com.st.stm32cube.ide.mcu.externaltools.gnu-tools-for-stm32.12.3.rel1.win32_1.0.200.202406191623/tools/bin/../lib/gcc/arm-none-eabi/12.3.1/../../../../arm-none-eabi/lib/thumb/v7-m/nofp\libstdc++_nano.a
LOAD D:/Programs/ST/STM32CubeIDE_1.16.0/STM32CubeIDE/plugins/com.st.stm32cube.ide.mcu.externaltools.gnu-tools-for-stm32.12.3.rel1.win32_1.0.200.202406191623/tools/bin/../lib/gcc/arm-none-eabi/12.3.1/../../../../arm-none-eabi/lib/thumb/v7-m/nofp\libm.a
LOAD D:/Programs/ST/STM32CubeIDE_1.16.0/STM32CubeIDE/plugins/com.st.stm32cube.ide.mcu.externaltools.gnu-tools-for-stm32.12.3.rel1.win32_1.0.200.202406191623/tools/bin/../lib/gcc/arm-none-eabi/12.3.1/../../../../arm-none-eabi/lib/thumb/v7-m/nofp\libc_nano.a
START GROUP
LOAD D:/Programs/ST/STM32CubeIDE_1.16.0/STM32CubeIDE/plugins/com.st.stm32cube.ide.mcu.externaltools.gnu-tools-for-stm32.12.3.rel1.win32_1.0.200.202406191623/tools/bin/../lib/gcc/arm-none-eabi/12.3.1/thumb/v7-m/nofp\libgcc.a
LOAD D:/Programs/ST/STM32CubeIDE_1.16.0/STM32CubeIDE/plugins/com.st.stm32cube.ide.mcu.externaltools.gnu-tools-for-stm32.12.3.rel1.win32_1.0.200.202406191623/tools/bin/../lib/gcc/arm-none-eabi/12.3.1/../../../../arm-none-eabi/lib/thumb/v7-m/nofp\libc_nano.a
END GROUP
START GROUP
LOAD D:/Programs/ST/STM32CubeIDE_1.16.0/STM32CubeIDE/plugins/com.st.stm32cube.ide.mcu.externaltools.gnu-tools-for-stm32.12.3.rel1.win32_1.0.200.202406191623/tools/bin/../lib/gcc/arm-none-eabi/12.3.1/thumb/v7-m/nofp\libgcc.a
LOAD D:/Programs/ST/STM32CubeIDE_1.16.0/STM32CubeIDE/plugins/com.st.stm32cube.ide.mcu.externaltools.gnu-tools-for-stm32.12.3.rel1.win32_1.0.200.202406191623/tools/bin/../lib/gcc/arm-none-eabi/12.3.1/../../../../arm-none-eabi/lib/thumb/v7-m/nofp\libc_nano.a
LOAD D:/Programs/ST/STM32CubeIDE_1.16.0/STM32CubeIDE/plugins/com.st.stm32cube.ide.mcu.externaltools.gnu-tools-for-stm32.12.3.rel1.win32_1.0.200.202406191623/tools/bin/../lib/gcc/arm-none-eabi/12.3.1/../../../../arm-none-eabi/lib/thumb/v7-m/nofp\libnosys.a
END GROUP
START GROUP
LOAD D:/Programs/ST/STM32CubeIDE_1.16.0/STM32CubeIDE/plugins/com.st.stm32cube.ide.mcu.externaltools.gnu-tools-for-stm32.12.3.rel1.win32_1.0.200.202406191623/tools/bin/../lib/gcc/arm-none-eabi/12.3.1/thumb/v7-m/nofp\libgcc.a
LOAD D:/Programs/ST/STM32CubeIDE_1.16.0/STM32CubeIDE/plugins/com.st.stm32cube.ide.mcu.externaltools.gnu-tools-for-stm32.12.3.rel1.win32_1.0.200.202406191623/tools/bin/../lib/gcc/arm-none-eabi/12.3.1/../../../../arm-none-eabi/lib/thumb/v7-m/nofp\libc_nano.a
LOAD D:/Programs/ST/STM32CubeIDE_1.16.0/STM32CubeIDE/plugins/com.st.stm32cube.ide.mcu.externaltools.gnu-tools-for-stm32.12.3.rel1.win32_1.0.200.202406191623/tools/bin/../lib/gcc/arm-none-eabi/12.3.1/../../../../arm-none-eabi/lib/thumb/v7-m/nofp\libnosys.a
END GROUP
LOAD D:/Programs/ST/STM32CubeIDE_1.16.0/STM32CubeIDE/plugins/com.st.stm32cube.ide.mcu.externaltools.gnu-tools-for-stm32.12.3.rel1.win32_1.0.200.202406191623/tools/bin/../lib/gcc/arm-none-eabi/12.3.1/thumb/v7-m/nofp/crtend.o
LOAD D:/Programs/ST/STM32CubeIDE_1.16.0/STM32CubeIDE/plugins/com.st.stm32cube.ide.mcu.externaltools.gnu-tools-for-stm32.12.3.rel1.win32_1.0.200.202406191623/tools/bin/../lib/gcc/arm-none-eabi/12.3.1/thumb/v7-m/nofp/crtn.o
                0x20005000                        _estack = (ORIGIN (RAM) + LENGTH (RAM))
                0x00000200                        _Min_Heap_Size = 0x200
                0x00000400                        _Min_Stack_Size = 0x400

.isr_vector     0x08000000      0x10c
                0x08000000                        . = ALIGN (0x4)
 *(.isr_vector)
 .isr_vector    0x08000000      0x10c ./Core/Startup/startup_stm32f103c8tx.o
                0x08000000                g_pfnVectors
                0x0800010c                        . = ALIGN (0x4)

.text           0x0800010c      0x4e0
                0x0800010c                        . = ALIGN (0x4)
 *(.text)
 .text          0x0800010c       0x40 D:/Programs/ST/STM32CubeIDE_1.16.0/STM32CubeIDE/plugins/com.st.stm32cube.ide.mcu.externaltools.gnu-tools-for-stm32.12.3.rel1.win32_1.0.200.202406191623/tools/bin/../lib/gcc/arm-none-eabi/12.3.1/thumb/v7-m/nofp/crtbegin.o
 *(.text*)
 .text._ZN2OPC2EP12GPIO_TypeDefh
                0x0800014c       0x9c ./Core/Src/OP.o
                0x0800014c                OP::OP(GPIO_TypeDef*, unsigned char)
                0x0800014c                OP::OP(GPIO_TypeDef*, unsigned char)
 .text._ZN2OP2ONEv
                0x080001e8       0x2c ./Core/Src/OP.o
                0x080001e8                OP::ON()
 .text._ZN2OP3OFFEv
                0x08000214       0x2e ./Core/Src/OP.o
                0x08000214                OP::OFF()
 .text._ZN2OPD2Ev
                0x08000242       0x18 ./Core/Src/OP.o
                0x08000242                OP::~OP()
                0x08000242                OP::~OP()
 *fill*         0x0800025a        0x2 
 .text.main     0x0800025c       0x4c ./Core/Src/main.o
                0x0800025c                main
 .text._ZN12Motor_ConfigD2Ev
                0x080002a8       0x2e ./Core/Src/main.o
                0x080002a8                Motor_Config::~Motor_Config()
                0x080002a8                Motor_Config::~Motor_Config()
 *fill*         0x080002d6        0x2 
 .text._Z41__static_initialization_and_destruction_0ii
                0x080002d8       0x9c ./Core/Src/main.o
 .text._GLOBAL__sub_I_m1_config
                0x08000374       0x10 ./Core/Src/main.o
 .text._GLOBAL__sub_D_m1_config
                0x08000384       0x10 ./Core/Src/main.o
 .text._ZN5MotorC2EP12Motor_Config
                0x08000394       0x3c ./Core/Src/motor.o
                0x08000394                Motor::Motor(Motor_Config*)
                0x08000394                Motor::Motor(Motor_Config*)
 .text._ZN5Motor2CWEv
                0x080003d0       0x32 ./Core/Src/motor.o
                0x080003d0                Motor::CW()
 .text._ZN5Motor3CCWEv
                0x08000402       0x32 ./Core/Src/motor.o
                0x08000402                Motor::CCW()
 .text._ZN5Motor4StopEv
                0x08000434       0x32 ./Core/Src/motor.o
                0x08000434                Motor::Stop()
 .text._ZN5RobotC2EP5MotorS1_
                0x08000466       0x2e ./Core/Src/robot.o
                0x08000466                Robot::Robot(Motor*, Motor*)
                0x08000466                Robot::Robot(Motor*, Motor*)
 .text._ZN5Robot7ForwardEv
                0x08000494       0x24 ./Core/Src/robot.o
                0x08000494                Robot::Forward()
 .text.NMI_Handler
                0x080004b8        0x8 ./Core/Src/stm32f1xx_it.o
                0x080004b8                NMI_Handler
 .text.HardFault_Handler
                0x080004c0        0x8 ./Core/Src/stm32f1xx_it.o
                0x080004c0                HardFault_Handler
 .text.MemManage_Handler
                0x080004c8        0x8 ./Core/Src/stm32f1xx_it.o
                0x080004c8                MemManage_Handler
 .text.BusFault_Handler
                0x080004d0        0x8 ./Core/Src/stm32f1xx_it.o
                0x080004d0                BusFault_Handler
 .text.UsageFault_Handler
                0x080004d8        0x8 ./Core/Src/stm32f1xx_it.o
                0x080004d8                UsageFault_Handler
 .text.SVC_Handler
                0x080004e0        0xc ./Core/Src/stm32f1xx_it.o
                0x080004e0                SVC_Handler
 .text.DebugMon_Handler
                0x080004ec        0xc ./Core/Src/stm32f1xx_it.o
                0x080004ec                DebugMon_Handler
 .text.PendSV_Handler
                0x080004f8        0xc ./Core/Src/stm32f1xx_it.o
                0x080004f8                PendSV_Handler
 .text.SysTick_Handler
                0x08000504        0xc ./Core/Src/stm32f1xx_it.o
                0x08000504                SysTick_Handler
 .text.SystemInit
                0x08000510        0xc ./Core/Src/system_stm32f1xx.o
                0x08000510                SystemInit
 .text.Reset_Handler
                0x0800051c       0x48 ./Core/Startup/startup_stm32f103c8tx.o
                0x0800051c                Reset_Handler
 .text.Default_Handler
                0x08000564        0x2 ./Core/Startup/startup_stm32f103c8tx.o
                0x08000564                RTC_Alarm_IRQHandler
                0x08000564                EXTI2_IRQHandler
                0x08000564                TIM1_CC_IRQHandler
                0x08000564                PVD_IRQHandler
                0x08000564                EXTI3_IRQHandler
                0x08000564                EXTI0_IRQHandler
                0x08000564                I2C2_EV_IRQHandler
                0x08000564                ADC1_2_IRQHandler
                0x08000564                SPI1_IRQHandler
                0x08000564                TAMPER_IRQHandler
                0x08000564                DMA1_Channel4_IRQHandler
                0x08000564                USART3_IRQHandler
                0x08000564                RTC_IRQHandler
                0x08000564                DMA1_Channel7_IRQHandler
                0x08000564                CAN1_RX1_IRQHandler
                0x08000564                TIM4_IRQHandler
                0x08000564                I2C1_EV_IRQHandler
                0x08000564                DMA1_Channel6_IRQHandler
                0x08000564                TIM3_IRQHandler
                0x08000564                RCC_IRQHandler
                0x08000564                TIM1_TRG_COM_IRQHandler
                0x08000564                DMA1_Channel1_IRQHandler
                0x08000564                Default_Handler
                0x08000564                EXTI15_10_IRQHandler
                0x08000564                EXTI9_5_IRQHandler
                0x08000564                SPI2_IRQHandler
                0x08000564                DMA1_Channel5_IRQHandler
                0x08000564                EXTI4_IRQHandler
                0x08000564                USB_LP_CAN1_RX0_IRQHandler
                0x08000564                USB_HP_CAN1_TX_IRQHandler
                0x08000564                DMA1_Channel3_IRQHandler
                0x08000564                TIM1_UP_IRQHandler
                0x08000564                WWDG_IRQHandler
                0x08000564                TIM2_IRQHandler
                0x08000564                TIM1_BRK_IRQHandler
                0x08000564                EXTI1_IRQHandler
                0x08000564                USART2_IRQHandler
                0x08000564                I2C2_ER_IRQHandler
                0x08000564                DMA1_Channel2_IRQHandler
                0x08000564                CAN1_SCE_IRQHandler
                0x08000564                FLASH_IRQHandler
                0x08000564                USART1_IRQHandler
                0x08000564                I2C1_ER_IRQHandler
                0x08000564                USBWakeUp_IRQHandler
 *fill*         0x08000566        0x2 
 .text.HAL_IncTick
                0x08000568       0x24 ./Drivers/STM32F1xx_HAL_Driver/Src/stm32f1xx_hal.o
                0x08000568                HAL_IncTick
 .text.__libc_init_array
                0x0800058c       0x48 D:/Programs/ST/STM32CubeIDE_1.16.0/STM32CubeIDE/plugins/com.st.stm32cube.ide.mcu.externaltools.gnu-tools-for-stm32.12.3.rel1.win32_1.0.200.202406191623/tools/bin/../lib/gcc/arm-none-eabi/12.3.1/../../../../arm-none-eabi/lib/thumb/v7-m/nofp\libc_nano.a(libc_a-init.o)
                0x0800058c                __libc_init_array
 *(.glue_7)
 .glue_7        0x080005d4        0x0 linker stubs
 *(.glue_7t)
 .glue_7t       0x080005d4        0x0 linker stubs
 *(.eh_frame)
 .eh_frame      0x080005d4        0x0 D:/Programs/ST/STM32CubeIDE_1.16.0/STM32CubeIDE/plugins/com.st.stm32cube.ide.mcu.externaltools.gnu-tools-for-stm32.12.3.rel1.win32_1.0.200.202406191623/tools/bin/../lib/gcc/arm-none-eabi/12.3.1/thumb/v7-m/nofp/crtbegin.o
 *(.init)
 .init          0x080005d4        0x4 D:/Programs/ST/STM32CubeIDE_1.16.0/STM32CubeIDE/plugins/com.st.stm32cube.ide.mcu.externaltools.gnu-tools-for-stm32.12.3.rel1.win32_1.0.200.202406191623/tools/bin/../lib/gcc/arm-none-eabi/12.3.1/thumb/v7-m/nofp/crti.o
                0x080005d4                _init
 .init          0x080005d8        0x8 D:/Programs/ST/STM32CubeIDE_1.16.0/STM32CubeIDE/plugins/com.st.stm32cube.ide.mcu.externaltools.gnu-tools-for-stm32.12.3.rel1.win32_1.0.200.202406191623/tools/bin/../lib/gcc/arm-none-eabi/12.3.1/thumb/v7-m/nofp/crtn.o
 *(.fini)
 .fini          0x080005e0        0x4 D:/Programs/ST/STM32CubeIDE_1.16.0/STM32CubeIDE/plugins/com.st.stm32cube.ide.mcu.externaltools.gnu-tools-for-stm32.12.3.rel1.win32_1.0.200.202406191623/tools/bin/../lib/gcc/arm-none-eabi/12.3.1/thumb/v7-m/nofp/crti.o
                0x080005e0                _fini
 .fini          0x080005e4        0x8 D:/Programs/ST/STM32CubeIDE_1.16.0/STM32CubeIDE/plugins/com.st.stm32cube.ide.mcu.externaltools.gnu-tools-for-stm32.12.3.rel1.win32_1.0.200.202406191623/tools/bin/../lib/gcc/arm-none-eabi/12.3.1/thumb/v7-m/nofp/crtn.o
                0x080005ec                        . = ALIGN (0x4)
                0x080005ec                        _etext = .

.vfp11_veneer   0x080005ec        0x0
 .vfp11_veneer  0x080005ec        0x0 linker stubs

.v4_bx          0x080005ec        0x0
 .v4_bx         0x080005ec        0x0 linker stubs

.iplt           0x080005ec        0x0
 .iplt          0x080005ec        0x0 D:/Programs/ST/STM32CubeIDE_1.16.0/STM32CubeIDE/plugins/com.st.stm32cube.ide.mcu.externaltools.gnu-tools-for-stm32.12.3.rel1.win32_1.0.200.202406191623/tools/bin/../lib/gcc/arm-none-eabi/12.3.1/thumb/v7-m/nofp/crtbegin.o

.rodata         0x080005ec        0x0
                0x080005ec                        . = ALIGN (0x4)
 *(.rodata)
 *(.rodata*)
                0x080005ec                        . = ALIGN (0x4)

.ARM.extab      0x080005ec        0x0
                0x080005ec                        . = ALIGN (0x4)
 *(.ARM.extab* .gnu.linkonce.armextab.*)
                0x080005ec                        . = ALIGN (0x4)

.ARM            0x080005ec        0x0
                0x080005ec                        . = ALIGN (0x4)
                0x080005ec                        __exidx_start = .
 *(.ARM.exidx*)
                0x080005ec                        __exidx_end = .
                0x080005ec                        . = ALIGN (0x4)

.preinit_array  0x080005ec        0x0
                0x080005ec                        . = ALIGN (0x4)
                0x080005ec                        PROVIDE (__preinit_array_start = .)
 *(.preinit_array*)
                0x080005ec                        PROVIDE (__preinit_array_end = .)
                0x080005ec                        . = ALIGN (0x4)

.init_array     0x080005ec        0x8
                0x080005ec                        . = ALIGN (0x4)
                0x080005ec                        PROVIDE (__init_array_start = .)
 *(SORT_BY_NAME(.init_array.*))
 *(.init_array*)
 .init_array    0x080005ec        0x4 D:/Programs/ST/STM32CubeIDE_1.16.0/STM32CubeIDE/plugins/com.st.stm32cube.ide.mcu.externaltools.gnu-tools-for-stm32.12.3.rel1.win32_1.0.200.202406191623/tools/bin/../lib/gcc/arm-none-eabi/12.3.1/thumb/v7-m/nofp/crtbegin.o
 .init_array    0x080005f0        0x4 ./Core/Src/main.o
                0x080005f4                        PROVIDE (__init_array_end = .)
                0x080005f4                        . = ALIGN (0x4)

.fini_array     0x080005f4        0x8
                0x080005f4                        . = ALIGN (0x4)
                [!provide]                        PROVIDE (__fini_array_start = .)
 *(SORT_BY_NAME(.fini_array.*))
 *(.fini_array*)
 .fini_array    0x080005f4        0x4 D:/Programs/ST/STM32CubeIDE_1.16.0/STM32CubeIDE/plugins/com.st.stm32cube.ide.mcu.externaltools.gnu-tools-for-stm32.12.3.rel1.win32_1.0.200.202406191623/tools/bin/../lib/gcc/arm-none-eabi/12.3.1/thumb/v7-m/nofp/crtbegin.o
 .fini_array    0x080005f8        0x4 ./Core/Src/main.o
                [!provide]                        PROVIDE (__fini_array_end = .)
                0x080005fc                        . = ALIGN (0x4)
                0x080005fc                        _sidata = LOADADDR (.data)

.rel.dyn        0x080005fc        0x0
 .rel.iplt      0x080005fc        0x0 D:/Programs/ST/STM32CubeIDE_1.16.0/STM32CubeIDE/plugins/com.st.stm32cube.ide.mcu.externaltools.gnu-tools-for-stm32.12.3.rel1.win32_1.0.200.202406191623/tools/bin/../lib/gcc/arm-none-eabi/12.3.1/thumb/v7-m/nofp/crtbegin.o

.data           0x20000000        0x4 load address 0x080005fc
                0x20000000                        . = ALIGN (0x4)
                0x20000000                        _sdata = .
 *(.data)
 *(.data*)
 .data.uwTickFreq
                0x20000000        0x1 ./Drivers/STM32F1xx_HAL_Driver/Src/stm32f1xx_hal.o
                0x20000000                uwTickFreq
 *(.RamFunc)
 *(.RamFunc*)
                0x20000004                        . = ALIGN (0x4)
 *fill*         0x20000001        0x3 
                0x20000004                        _edata = .

.igot.plt       0x20000004        0x0 load address 0x08000600
 .igot.plt      0x20000004        0x0 D:/Programs/ST/STM32CubeIDE_1.16.0/STM32CubeIDE/plugins/com.st.stm32cube.ide.mcu.externaltools.gnu-tools-for-stm32.12.3.rel1.win32_1.0.200.202406191623/tools/bin/../lib/gcc/arm-none-eabi/12.3.1/thumb/v7-m/nofp/crtbegin.o
                0x20000004                        . = ALIGN (0x4)

.bss            0x20000004       0x54 load address 0x08000600
                0x20000004                        _sbss = .
                0x20000004                        __bss_start__ = _sbss
 *(.bss)
 .bss           0x20000004       0x1c D:/Programs/ST/STM32CubeIDE_1.16.0/STM32CubeIDE/plugins/com.st.stm32cube.ide.mcu.externaltools.gnu-tools-for-stm32.12.3.rel1.win32_1.0.200.202406191623/tools/bin/../lib/gcc/arm-none-eabi/12.3.1/thumb/v7-m/nofp/crtbegin.o
 *(.bss*)
 .bss._ZN2OP5COUNTE
                0x20000020        0x1 ./Core/Src/OP.o
                0x20000020                OP::COUNT
 *fill*         0x20000021        0x3 
 .bss.m1_config
                0x20000024       0x18 ./Core/Src/main.o
                0x20000024                m1_config
 .bss.m2_config
                0x2000003c       0x18 ./Core/Src/main.o
                0x2000003c                m2_config
 .bss.uwTick    0x20000054        0x4 ./Drivers/STM32F1xx_HAL_Driver/Src/stm32f1xx_hal.o
                0x20000054                uwTick
 *(COMMON)
                0x20000058                        . = ALIGN (0x4)
                0x20000058                        _ebss = .
                0x20000058                        __bss_end__ = _ebss

._user_heap_stack
                0x20000058      0x600 load address 0x08000600
                0x20000058                        . = ALIGN (0x8)
                [!provide]                        PROVIDE (end = .)
                0x20000058                        PROVIDE (_end = .)
                0x20000258                        . = (. + _Min_Heap_Size)
 *fill*         0x20000058      0x200 
                0x20000658                        . = (. + _Min_Stack_Size)
 *fill*         0x20000258      0x400 
                0x20000658                        . = ALIGN (0x8)

/DISCARD/
 libc.a(*)
 libm.a(*)
 libgcc.a(*)

.ARM.attributes
                0x00000000       0x29
 *(.ARM.attributes)
 .ARM.attributes
                0x00000000       0x1d D:/Programs/ST/STM32CubeIDE_1.16.0/STM32CubeIDE/plugins/com.st.stm32cube.ide.mcu.externaltools.gnu-tools-for-stm32.12.3.rel1.win32_1.0.200.202406191623/tools/bin/../lib/gcc/arm-none-eabi/12.3.1/thumb/v7-m/nofp/crti.o
 .ARM.attributes
                0x0000001d       0x2d D:/Programs/ST/STM32CubeIDE_1.16.0/STM32CubeIDE/plugins/com.st.stm32cube.ide.mcu.externaltools.gnu-tools-for-stm32.12.3.rel1.win32_1.0.200.202406191623/tools/bin/../lib/gcc/arm-none-eabi/12.3.1/thumb/v7-m/nofp/crtbegin.o
 .ARM.attributes
                0x0000004a       0x2d ./Core/Src/OP.o
 .ARM.attributes
                0x00000077       0x2d ./Core/Src/main.o
 .ARM.attributes
                0x000000a4       0x2d ./Core/Src/motor.o
 .ARM.attributes
                0x000000d1       0x2d ./Core/Src/robot.o
 .ARM.attributes
                0x000000fe       0x2d ./Core/Src/stm32f1xx_it.o
 .ARM.attributes
                0x0000012b       0x2d ./Core/Src/system_stm32f1xx.o
 .ARM.attributes
                0x00000158       0x21 ./Core/Startup/startup_stm32f103c8tx.o
 .ARM.attributes
                0x00000179       0x2d ./Drivers/STM32F1xx_HAL_Driver/Src/stm32f1xx_hal.o
 .ARM.attributes
                0x000001a6       0x2d D:/Programs/ST/STM32CubeIDE_1.16.0/STM32CubeIDE/plugins/com.st.stm32cube.ide.mcu.externaltools.gnu-tools-for-stm32.12.3.rel1.win32_1.0.200.202406191623/tools/bin/../lib/gcc/arm-none-eabi/12.3.1/../../../../arm-none-eabi/lib/thumb/v7-m/nofp\libc_nano.a(libc_a-init.o)
 .ARM.attributes
                0x000001d3       0x1d D:/Programs/ST/STM32CubeIDE_1.16.0/STM32CubeIDE/plugins/com.st.stm32cube.ide.mcu.externaltools.gnu-tools-for-stm32.12.3.rel1.win32_1.0.200.202406191623/tools/bin/../lib/gcc/arm-none-eabi/12.3.1/thumb/v7-m/nofp/crtn.o
OUTPUT(Session39.elf elf32-littlearm)
LOAD linker stubs
LOAD D:/Programs/ST/STM32CubeIDE_1.16.0/STM32CubeIDE/plugins/com.st.stm32cube.ide.mcu.externaltools.gnu-tools-for-stm32.12.3.rel1.win32_1.0.200.202406191623/tools/bin/../lib/gcc/arm-none-eabi/12.3.1/../../../../arm-none-eabi/lib/thumb/v7-m/nofp\libc.a
LOAD D:/Programs/ST/STM32CubeIDE_1.16.0/STM32CubeIDE/plugins/com.st.stm32cube.ide.mcu.externaltools.gnu-tools-for-stm32.12.3.rel1.win32_1.0.200.202406191623/tools/bin/../lib/gcc/arm-none-eabi/12.3.1/../../../../arm-none-eabi/lib/thumb/v7-m/nofp\libm.a
LOAD D:/Programs/ST/STM32CubeIDE_1.16.0/STM32CubeIDE/plugins/com.st.stm32cube.ide.mcu.externaltools.gnu-tools-for-stm32.12.3.rel1.win32_1.0.200.202406191623/tools/bin/../lib/gcc/arm-none-eabi/12.3.1/thumb/v7-m/nofp\libgcc.a

.debug_info     0x00000000     0x1f4f
 .debug_info    0x00000000      0x43b ./Core/Src/OP.o
 .debug_info    0x0000043b      0x6ce ./Core/Src/main.o
 .debug_info    0x00000b09      0x476 ./Core/Src/motor.o
 .debug_info    0x00000f7f      0x567 ./Core/Src/robot.o
 .debug_info    0x000014e6      0x113 ./Core/Src/stm32f1xx_it.o
 .debug_info    0x000015f9      0x222 ./Core/Src/system_stm32f1xx.o
 .debug_info    0x0000181b       0x30 ./Core/Startup/startup_stm32f103c8tx.o
 .debug_info    0x0000184b      0x704 ./Drivers/STM32F1xx_HAL_Driver/Src/stm32f1xx_hal.o

.debug_abbrev   0x00000000      0xe4f
 .debug_abbrev  0x00000000      0x250 ./Core/Src/OP.o
 .debug_abbrev  0x00000250      0x334 ./Core/Src/main.o
 .debug_abbrev  0x00000584      0x263 ./Core/Src/motor.o
 .debug_abbrev  0x000007e7      0x291 ./Core/Src/robot.o
 .debug_abbrev  0x00000a78       0x73 ./Core/Src/stm32f1xx_it.o
 .debug_abbrev  0x00000aeb      0x13f ./Core/Src/system_stm32f1xx.o
 .debug_abbrev  0x00000c2a       0x24 ./Core/Startup/startup_stm32f103c8tx.o
 .debug_abbrev  0x00000c4e      0x201 ./Drivers/STM32F1xx_HAL_Driver/Src/stm32f1xx_hal.o

.debug_aranges  0x00000000      0x288
 .debug_aranges
                0x00000000       0x40 ./Core/Src/OP.o
 .debug_aranges
                0x00000040       0x40 ./Core/Src/main.o
 .debug_aranges
                0x00000080       0x38 ./Core/Src/motor.o
 .debug_aranges
                0x000000b8       0x40 ./Core/Src/robot.o
 .debug_aranges
                0x000000f8       0x60 ./Core/Src/stm32f1xx_it.o
 .debug_aranges
                0x00000158       0x28 ./Core/Src/system_stm32f1xx.o
 .debug_aranges
                0x00000180       0x28 ./Core/Startup/startup_stm32f103c8tx.o
 .debug_aranges
                0x000001a8       0xe0 ./Drivers/STM32F1xx_HAL_Driver/Src/stm32f1xx_hal.o

.debug_rnglists
                0x00000000      0x1c1
 .debug_rnglists
                0x00000000       0x2c ./Core/Src/OP.o
 .debug_rnglists
                0x0000002c       0x2c ./Core/Src/main.o
 .debug_rnglists
                0x00000058       0x25 ./Core/Src/motor.o
 .debug_rnglists
                0x0000007d       0x2b ./Core/Src/robot.o
 .debug_rnglists
                0x000000a8       0x43 ./Core/Src/stm32f1xx_it.o
 .debug_rnglists
                0x000000eb       0x1a ./Core/Src/system_stm32f1xx.o
 .debug_rnglists
                0x00000105       0x19 ./Core/Startup/startup_stm32f103c8tx.o
 .debug_rnglists
                0x0000011e       0xa3 ./Drivers/STM32F1xx_HAL_Driver/Src/stm32f1xx_hal.o

.debug_macro    0x00000000    0x158b6
 .debug_macro   0x00000000      0x1a7 ./Core/Src/OP.o
 .debug_macro   0x000001a7      0xb80 ./Core/Src/OP.o
 .debug_macro   0x00000d27      0x209 ./Core/Src/OP.o
 .debug_macro   0x00000f30       0x2e ./Core/Src/OP.o
 .debug_macro   0x00000f5e       0x22 ./Core/Src/OP.o
 .debug_macro   0x00000f80       0x1c ./Core/Src/OP.o
 .debug_macro   0x00000f9c       0x22 ./Core/Src/OP.o
 .debug_macro   0x00000fbe       0x8e ./Core/Src/OP.o
 .debug_macro   0x0000104c       0x51 ./Core/Src/OP.o
 .debug_macro   0x0000109d      0x103 ./Core/Src/OP.o
 .debug_macro   0x000011a0       0x6a ./Core/Src/OP.o
 .debug_macro   0x0000120a      0x1df ./Core/Src/OP.o
 .debug_macro   0x000013e9       0x1c ./Core/Src/OP.o
 .debug_macro   0x00001405       0x22 ./Core/Src/OP.o
 .debug_macro   0x00001427       0xbd ./Core/Src/OP.o
 .debug_macro   0x000014e4      0xd23 ./Core/Src/OP.o
 .debug_macro   0x00002207     0xe09e ./Core/Src/OP.o
 .debug_macro   0x000102a5       0x6d ./Core/Src/OP.o
 .debug_macro   0x00010312     0x348d ./Core/Src/OP.o
 .debug_macro   0x0001379f      0x190 ./Core/Src/OP.o
 .debug_macro   0x0001392f       0x5c ./Core/Src/OP.o
 .debug_macro   0x0001398b      0x5bc ./Core/Src/OP.o
 .debug_macro   0x00013f47      0x289 ./Core/Src/OP.o
 .debug_macro   0x000141d0      0x1cb ./Core/Src/OP.o
 .debug_macro   0x0001439b      0x114 ./Core/Src/OP.o
 .debug_macro   0x000144af      0x1b2 ./Core/Src/OP.o
 .debug_macro   0x00014661       0x27 ./Core/Src/OP.o
 .debug_macro   0x00014688      0x136 ./Core/Src/OP.o
 .debug_macro   0x000147be      0x1bc ./Core/Src/OP.o
 .debug_macro   0x0001497a       0x34 ./Core/Src/OP.o
 .debug_macro   0x000149ae       0x3c ./Core/Src/OP.o
 .debug_macro   0x000149ea       0x57 ./Core/Src/OP.o
 .debug_macro   0x00014a41       0x87 ./Core/Src/OP.o
 .debug_macro   0x00014ac8      0x240 ./Core/Src/OP.o
 .debug_macro   0x00014d08      0x140 ./Core/Src/OP.o
 .debug_macro   0x00014e48       0x83 ./Core/Src/OP.o
 .debug_macro   0x00014ecb      0x1bb ./Core/Src/main.o
 .debug_macro   0x00015086      0x1b1 ./Core/Src/motor.o
 .debug_macro   0x00015237      0x1bb ./Core/Src/robot.o
 .debug_macro   0x000153f2      0x198 ./Core/Src/stm32f1xx_it.o
 .debug_macro   0x0001558a      0x184 ./Core/Src/system_stm32f1xx.o
 .debug_macro   0x0001570e      0x1a8 ./Drivers/STM32F1xx_HAL_Driver/Src/stm32f1xx_hal.o

.debug_line     0x00000000     0x35e4
 .debug_line    0x00000000      0x791 ./Core/Src/OP.o
 .debug_line    0x00000791      0x748 ./Core/Src/main.o
 .debug_line    0x00000ed9      0x744 ./Core/Src/motor.o
 .debug_line    0x0000161d      0x754 ./Core/Src/robot.o
 .debug_line    0x00001d71      0x772 ./Core/Src/stm32f1xx_it.o
 .debug_line    0x000024e3      0x72e ./Core/Src/system_stm32f1xx.o
 .debug_line    0x00002c11       0x78 ./Core/Startup/startup_stm32f103c8tx.o
 .debug_line    0x00002c89      0x95b ./Drivers/STM32F1xx_HAL_Driver/Src/stm32f1xx_hal.o

.debug_str      0x00000000    0x7bb93
 .debug_str     0x00000000    0x7af51 ./Core/Src/OP.o
                              0x7b2e8 (size before relaxing)
 .debug_str     0x0007af51      0x273 ./Core/Src/main.o
                              0x7b539 (size before relaxing)
 .debug_str     0x0007b1c4       0x32 ./Core/Src/motor.o
                              0x7b340 (size before relaxing)
 .debug_str     0x0007b1f6       0x2d ./Core/Src/robot.o
                              0x7b3c7 (size before relaxing)
 .debug_str     0x0007b223      0x2ad ./Core/Src/stm32f1xx_it.o
                              0x7acd3 (size before relaxing)
 .debug_str     0x0007b4d0       0x7e ./Core/Src/system_stm32f1xx.o
                              0x7ace9 (size before relaxing)
 .debug_str     0x0007b54e       0x44 ./Core/Startup/startup_stm32f103c8tx.o
                                 0x7e (size before relaxing)
 .debug_str     0x0007b592      0x601 ./Drivers/STM32F1xx_HAL_Driver/Src/stm32f1xx_hal.o
                              0x7b41c (size before relaxing)

.comment        0x00000000       0x43
 .comment       0x00000000       0x43 ./Core/Src/OP.o
                                 0x44 (size before relaxing)
 .comment       0x00000043       0x44 ./Core/Src/main.o
 .comment       0x00000043       0x44 ./Core/Src/motor.o
 .comment       0x00000043       0x44 ./Core/Src/robot.o
 .comment       0x00000043       0x44 ./Core/Src/stm32f1xx_it.o
 .comment       0x00000043       0x44 ./Core/Src/system_stm32f1xx.o
 .comment       0x00000043       0x44 ./Drivers/STM32F1xx_HAL_Driver/Src/stm32f1xx_hal.o

.debug_frame    0x00000000      0x7a0
 .debug_frame   0x00000000       0xd0 ./Core/Src/OP.o
 .debug_frame   0x000000d0       0xb0 ./Core/Src/main.o
 .debug_frame   0x00000180       0xa0 ./Core/Src/motor.o
 .debug_frame   0x00000220       0xc4 ./Core/Src/robot.o
 .debug_frame   0x000002e4      0x104 ./Core/Src/stm32f1xx_it.o
 .debug_frame   0x000003e8       0x58 ./Core/Src/system_stm32f1xx.o
 .debug_frame   0x00000440      0x334 ./Drivers/STM32F1xx_HAL_Driver/Src/stm32f1xx_hal.o
 .debug_frame   0x00000774       0x2c D:/Programs/ST/STM32CubeIDE_1.16.0/STM32CubeIDE/plugins/com.st.stm32cube.ide.mcu.externaltools.gnu-tools-for-stm32.12.3.rel1.win32_1.0.200.202406191623/tools/bin/../lib/gcc/arm-none-eabi/12.3.1/../../../../arm-none-eabi/lib/thumb/v7-m/nofp\libc_nano.a(libc_a-init.o)

.debug_line_str
                0x00000000       0x62
 .debug_line_str
                0x00000000       0x62 ./Core/Startup/startup_stm32f103c8tx.o
