17:08:23 **** Incremental Build of configuration Debug for project Session37 ****
make -j4 all 
arm-none-eabi-g++ "../Core/Src/main.cpp" -mcpu=cortex-m3 -std=gnu++14 -g3 -DDEBUG -DUSE_HAL_DRIVER -DSTM32F103xB -c -I../Core/Inc -I../Drivers/STM32F1xx_HAL_Driver/Inc/Legacy -I../Drivers/STM32F1xx_HAL_Driver/Inc -I../Drivers/CMSIS/Device/ST/STM32F1xx/Include -I../Drivers/CMSIS/Include -O0 -ffunction-sections -fdata-sections -fno-exceptions -fno-rtti -fno-use-cxa-atexit -Wall -fstack-usage -fcyclomatic-complexity -MMD -MP -MF"Core/Src/main.d" -MT"Core/Src/main.o" --specs=nano.specs -mfloat-abi=soft -mthumb -o "Core/Src/main.o"
arm-none-eabi-g++ -o "Session37.elf" @"objects.list"   -mcpu=cortex-m3 -T"D:\Robotics Corner\Sessions\Session codes\Session37\Session37\STM32F103C8TX_FLASH.ld" --specs=nosys.specs -Wl,-Map="Session37.map" -Wl,--gc-sections -static --specs=nano.specs -mfloat-abi=soft -mthumb -Wl,--start-group -lc -lm -lstdc++ -lsupc++ -Wl,--end-group
Finished building target: Session37.elf
 
arm-none-eabi-size  Session37.elf 
arm-none-eabi-objdump -h -S Session37.elf  > "Session37.list"
   text	   data	    bss	    dec	    hex	filename
    740	      4	   1572	   2316	    90c	Session37.elf
Finished building: default.size.stdout
 
Finished building: Session37.list
 

17:08:28 Build Finished. 0 errors, 0 warnings. (took 4s.690ms)

