18:39:01 **** Incremental Build of configuration Debug for project Session42 ****
make -j4 all 
arm-none-eabi-gcc "../Core/Src/main.c" -mcpu=cortex-m3 -std=gnu11 -g3 -DDEBUG -DUSE_HAL_DRIVER -DSTM32F103xB -c -I../Core/Inc -I../Drivers/STM32F1xx_HAL_Driver/Inc/Legacy -I../Drivers/STM32F1xx_HAL_Driver/Inc -I../Drivers/CMSIS/Device/ST/STM32F1xx/Include -I../Drivers/CMSIS/Include -O0 -ffunction-sections -fdata-sections -Wall -fstack-usage -fcyclomatic-complexity -MMD -MP -MF"Core/Src/main.d" -MT"Core/Src/main.o" --specs=nano.specs -mfloat-abi=soft -mthumb -o "Core/Src/main.o"
arm-none-eabi-g++ -o "Session42.elf" @"objects.list"   -mcpu=cortex-m3 -T"D:\Robotics Corner\Sessions\Session codes\Session42\Session42\STM32F103C8TX_FLASH.ld" --specs=nosys.specs -Wl,-Map="Session42.map" -Wl,--gc-sections -static --specs=nano.specs -mfloat-abi=soft -mthumb -Wl,--start-group -lc -lm -lstdc++ -lsupc++ -Wl,--end-group
Finished building target: Session42.elf
 
arm-none-eabi-size  Session42.elf 
arm-none-eabi-objdump -h -S Session42.elf  > "Session42.list"
   text	   data	    bss	    dec	    hex	filename
    704	      0	   1568	   2272	    8e0	Session42.elf
Finished building: default.size.stdout
 
Finished building: Session42.list
 

18:39:02 Build Finished. 0 errors, 0 warnings. (took 1s.919ms)

